Archive member included to satisfy reference by file (symbol)

/home/zera/embedded/devtools/gcc-arm-none-eabi-10.3-2021.10/bin/../lib/gcc/arm-none-eabi/10.3.1/../../../../arm-none-eabi/lib/thumb/v6-m/nofp/libc_nano.a(lib_a-memcpy-stub.o)
                              /tmp/ccwnN2VJ.o (memcpy)
/home/zera/embedded/devtools/gcc-arm-none-eabi-10.3-2021.10/bin/../lib/gcc/arm-none-eabi/10.3.1/../../../../arm-none-eabi/lib/thumb/v6-m/nofp/libc_nano.a(lib_a-printf.o)
                              /tmp/ccwnN2VJ.o (printf)
/home/zera/embedded/devtools/gcc-arm-none-eabi-10.3-2021.10/bin/../lib/gcc/arm-none-eabi/10.3.1/../../../../arm-none-eabi/lib/thumb/v6-m/nofp/libc_nano.a(lib_a-findfp.o)
                              /home/zera/embedded/devtools/gcc-arm-none-eabi-10.3-2021.10/bin/../lib/gcc/arm-none-eabi/10.3.1/../../../../arm-none-eabi/lib/thumb/v6-m/nofp/libc_nano.a(lib_a-printf.o) (__sinit)
/home/zera/embedded/devtools/gcc-arm-none-eabi-10.3-2021.10/bin/../lib/gcc/arm-none-eabi/10.3.1/../../../../arm-none-eabi/lib/thumb/v6-m/nofp/libc_nano.a(lib_a-fwalk.o)
                              /home/zera/embedded/devtools/gcc-arm-none-eabi-10.3-2021.10/bin/../lib/gcc/arm-none-eabi/10.3.1/../../../../arm-none-eabi/lib/thumb/v6-m/nofp/libc_nano.a(lib_a-findfp.o) (_fwalk)
/home/zera/embedded/devtools/gcc-arm-none-eabi-10.3-2021.10/bin/../lib/gcc/arm-none-eabi/10.3.1/../../../../arm-none-eabi/lib/thumb/v6-m/nofp/libc_nano.a(lib_a-impure.o)
                              /home/zera/embedded/devtools/gcc-arm-none-eabi-10.3-2021.10/bin/../lib/gcc/arm-none-eabi/10.3.1/../../../../arm-none-eabi/lib/thumb/v6-m/nofp/libc_nano.a(lib_a-findfp.o) (_global_impure_ptr)
/home/zera/embedded/devtools/gcc-arm-none-eabi-10.3-2021.10/bin/../lib/gcc/arm-none-eabi/10.3.1/../../../../arm-none-eabi/lib/thumb/v6-m/nofp/libc_nano.a(lib_a-lock.o)
                              /home/zera/embedded/devtools/gcc-arm-none-eabi-10.3-2021.10/bin/../lib/gcc/arm-none-eabi/10.3.1/../../../../arm-none-eabi/lib/thumb/v6-m/nofp/libc_nano.a(lib_a-findfp.o) (__retarget_lock_init_recursive)
/home/zera/embedded/devtools/gcc-arm-none-eabi-10.3-2021.10/bin/../lib/gcc/arm-none-eabi/10.3.1/../../../../arm-none-eabi/lib/thumb/v6-m/nofp/libc_nano.a(lib_a-memset.o)
                              /home/zera/embedded/devtools/gcc-arm-none-eabi-10.3-2021.10/bin/../lib/gcc/arm-none-eabi/10.3.1/../../../../arm-none-eabi/lib/thumb/v6-m/nofp/libc_nano.a(lib_a-findfp.o) (memset)
/home/zera/embedded/devtools/gcc-arm-none-eabi-10.3-2021.10/bin/../lib/gcc/arm-none-eabi/10.3.1/../../../../arm-none-eabi/lib/thumb/v6-m/nofp/libc_nano.a(lib_a-nano-mallocr.o)
                              /home/zera/embedded/devtools/gcc-arm-none-eabi-10.3-2021.10/bin/../lib/gcc/arm-none-eabi/10.3.1/../../../../arm-none-eabi/lib/thumb/v6-m/nofp/libc_nano.a(lib_a-findfp.o) (_malloc_r)
/home/zera/embedded/devtools/gcc-arm-none-eabi-10.3-2021.10/bin/../lib/gcc/arm-none-eabi/10.3.1/../../../../arm-none-eabi/lib/thumb/v6-m/nofp/libc_nano.a(lib_a-nano-vfprintf.o)
                              /home/zera/embedded/devtools/gcc-arm-none-eabi-10.3-2021.10/bin/../lib/gcc/arm-none-eabi/10.3.1/../../../../arm-none-eabi/lib/thumb/v6-m/nofp/libc_nano.a(lib_a-printf.o) (_vfprintf_r)
/home/zera/embedded/devtools/gcc-arm-none-eabi-10.3-2021.10/bin/../lib/gcc/arm-none-eabi/10.3.1/../../../../arm-none-eabi/lib/thumb/v6-m/nofp/libc_nano.a(lib_a-nano-vfprintf_i.o)
                              /home/zera/embedded/devtools/gcc-arm-none-eabi-10.3-2021.10/bin/../lib/gcc/arm-none-eabi/10.3.1/../../../../arm-none-eabi/lib/thumb/v6-m/nofp/libc_nano.a(lib_a-nano-vfprintf.o) (_printf_i)
/home/zera/embedded/devtools/gcc-arm-none-eabi-10.3-2021.10/bin/../lib/gcc/arm-none-eabi/10.3.1/../../../../arm-none-eabi/lib/thumb/v6-m/nofp/libc_nano.a(lib_a-sbrkr.o)
                              /home/zera/embedded/devtools/gcc-arm-none-eabi-10.3-2021.10/bin/../lib/gcc/arm-none-eabi/10.3.1/../../../../arm-none-eabi/lib/thumb/v6-m/nofp/libc_nano.a(lib_a-nano-mallocr.o) (_sbrk_r)
/home/zera/embedded/devtools/gcc-arm-none-eabi-10.3-2021.10/bin/../lib/gcc/arm-none-eabi/10.3.1/../../../../arm-none-eabi/lib/thumb/v6-m/nofp/libc_nano.a(lib_a-stdio.o)
                              /home/zera/embedded/devtools/gcc-arm-none-eabi-10.3-2021.10/bin/../lib/gcc/arm-none-eabi/10.3.1/../../../../arm-none-eabi/lib/thumb/v6-m/nofp/libc_nano.a(lib_a-findfp.o) (__sread)
/home/zera/embedded/devtools/gcc-arm-none-eabi-10.3-2021.10/bin/../lib/gcc/arm-none-eabi/10.3.1/../../../../arm-none-eabi/lib/thumb/v6-m/nofp/libc_nano.a(lib_a-wbuf.o)
                              /home/zera/embedded/devtools/gcc-arm-none-eabi-10.3-2021.10/bin/../lib/gcc/arm-none-eabi/10.3.1/../../../../arm-none-eabi/lib/thumb/v6-m/nofp/libc_nano.a(lib_a-nano-vfprintf.o) (__swbuf_r)
/home/zera/embedded/devtools/gcc-arm-none-eabi-10.3-2021.10/bin/../lib/gcc/arm-none-eabi/10.3.1/../../../../arm-none-eabi/lib/thumb/v6-m/nofp/libc_nano.a(lib_a-writer.o)
[...]
Memory Configuration

Name             Origin             Length             Attributes
boot             0x0000000010000000 0x0000000000000100 xr
flash            0x0000000010000100 0x00000000001fff00 xr
sram             0x0000000020000000 0x0000000000042000 xrw
*default*        0x0000000000000000 0xffffffffffffffff

Linker script and memory map

LOAD /tmp/ccwnN2VJ.o
LOAD /tmp/ccUwhMnE.o
LOAD /tmp/cctpIdUl.o
LOAD /tmp/cc6HjdzM.o
LOAD /tmp/ccVQlvMw.o
LOAD /tmp/ccjQeSma.o
LOAD /tmp/ccmQ5D4e.o
LOAD /home/zera/embedded/devtools/gcc-arm-none-eabi-10.3-2021.10/bin/../lib/gcc/arm-none-eabi/10.3.1/../../../../arm-none-eabi/lib/thumb/v6-m/nofp/libc_nano.a
LOAD /home/zera/embedded/devtools/gcc-arm-none-eabi-10.3-2021.10/bin/../lib/gcc/arm-none-eabi/10.3.1/thumb/v6-m/nofp/libgcc.a
START GROUP
LOAD /home/zera/embedded/devtools/gcc-arm-none-eabi-10.3-2021.10/bin/../lib/gcc/arm-none-eabi/10.3.1/thumb/v6-m/nofp/libgcc.a
LOAD /home/zera/embedded/devtools/gcc-arm-none-eabi-10.3-2021.10/bin/../lib/gcc/arm-none-eabi/10.3.1/../../../../arm-none-eabi/lib/thumb/v6-m/nofp/libg_nano.a
LOAD /home/zera/embedded/devtools/gcc-arm-none-eabi-10.3-2021.10/bin/../lib/gcc/arm-none-eabi/10.3.1/../../../../arm-none-eabi/lib/thumb/v6-m/nofp/libc_nano.a
END GROUP
START GROUP
LOAD /home/zera/embedded/devtools/gcc-arm-none-eabi-10.3-2021.10/bin/../lib/gcc/arm-none-eabi/10.3.1/thumb/v6-m/nofp/libgcc.a
LOAD /home/zera/embedded/devtools/gcc-arm-none-eabi-10.3-2021.10/bin/../lib/gcc/arm-none-eabi/10.3.1/../../../../arm-none-eabi/lib/thumb/v6-m/nofp/libc_nano.a
END GROUP
                0x0000000010000100                _sflash = ORIGIN (flash)
                0x0000000020042000                _estack = (ORIGIN (sram) + LENGTH (sram))

.boot           0x0000000010000000      0x100
 *(.boot)
 .boot          0x0000000010000000       0x70 /tmp/ccUwhMnE.o
                0x0000000010000000                _reset
 .boot.__stub   0x0000000010000070       0x10 linker stubs
                0x00000000000000fc                . = 0xfc
 *fill*         0x0000000010000080       0x7c 
                0x00000000100000fc        0x4 LONG 0xcccccccc

.text           0x0000000020000000     0x2210 load address 0x0000000010000100
                0x0000000020000000                _stext = .
 *(.vectors)
 .vectors       0x0000000020000000       0xa8 /tmp/ccUwhMnE.o
                0x0000000020000000                vectors
 *(.text*)
 .text.enable_subsystem
                0x00000000200000a8       0x14 /tmp/ccwnN2VJ.o
 .text._fstat   0x00000000200000bc       0x14 /tmp/ccwnN2VJ.o
                0x00000000200000bc                _fstat
 .text._sbrk    0x00000000200000d0       0x20 /tmp/ccwnN2VJ.o
                0x00000000200000d0                _sbrk
 .text._close   0x00000000200000f0        0x6 /tmp/ccwnN2VJ.o
                0x00000000200000f0                _close
 .text._isatty  0x00000000200000f6        0x4 /tmp/ccwnN2VJ.o
                0x00000000200000f6                _isatty
 .text._lseek   0x00000000200000fa        0x4 /tmp/ccwnN2VJ.o
                0x00000000200000fa                _lseek
 *fill*         0x00000000200000fe        0x2 
 .text._write   0x0000000020000100       0x28 /tmp/ccwnN2VJ.o
                0x0000000020000100                _write
 .text._read    0x0000000020000128        0x6 /tmp/ccwnN2VJ.o
                0x0000000020000128                _read
 *fill*         0x000000002000012e        0x2 
 .text.SysTick_Handler
                0x0000000020000130       0x44 /tmp/ccwnN2VJ.o
                0x0000000020000130                SysTick_Handler
 .text.millis   0x0000000020000174        0xc /tmp/ccwnN2VJ.o
                0x0000000020000174                millis
 .text.choice_update
                0x0000000020000180       0x8c /tmp/ccwnN2VJ.o
                0x0000000020000180                choice_update
 .text.menu     0x000000002000020c       0xd8 /tmp/ccwnN2VJ.o
                0x000000002000020c                menu
 .text.playing  0x00000000200002e4      0x124 /tmp/ccwnN2VJ.o
                0x00000000200002e4                playing
 .text.startup.main
                0x0000000020000408      0x298 /tmp/ccwnN2VJ.o
                0x0000000020000408                main
 .text.DefaultIRQHandler
                0x00000000200006a0        0x2 /tmp/ccUwhMnE.o
                0x00000000200006a0                TIMER2_IRQHandler
                0x00000000200006a0                DebugMon_Handler
                0x00000000200006a0                I2C0_IRQHandler
                0x00000000200006a0                HardFault_Handler
                0x00000000200006a0                PendSV_Handler
                0x00000000200006a0                NMI_Handler
                0x00000000200006a0                I2C1_IRQHandler
                0x00000000200006a0                UART1_IRQHandler
                0x00000000200006a0                TIMER3_IRQHandler
                0x00000000200006a0                UART0_IRQHandler
                0x00000000200006a0                UsageFault_Handler
                0x00000000200006a0                SPI1_IRQHandler
                0x00000000200006a0                PIO11_IRQHandler
                0x00000000200006a0                SIO_PROC1_IRQHandler
                0x00000000200006a0                USBCTRL_IRQHandler
                0x00000000200006a0                XIP_IRQHandler
                0x00000000200006a0                RTC_IRQHandler
                0x00000000200006a0                TIMER0_IRQHandler
                0x00000000200006a0                ADC_FIFO_IRQHandler
                0x00000000200006a0                TIMER1_IRQHandler
                0x00000000200006a0                DefaultIRQHandler
                0x00000000200006a0                SIO_PROC0_IRQHandler
                0x00000000200006a0                MemManage_Handler
                0x00000000200006a0                SVC_Handler
                0x00000000200006a0                IO_QSPI_IRQHandler
                0x00000000200006a0                DMA0_IRQHandler
                0x00000000200006a0                PIO00_IRQHandler
                0x00000000200006a0                SPI0_IRQHandler
                0x00000000200006a0                PWM_IRQHandler
                0x00000000200006a0                CLOCKS_IRQHandler
                0x00000000200006a0                BusFault_Handler
                0x00000000200006a0                PIO10_IRQHandler
                0x00000000200006a0                DMA1_IRQHandler
                0x00000000200006a0                PIO01_IRQHandler
 *fill*         0x00000000200006a2        0x2 
 .text.gpio_init
                0x00000000200006a4       0x44 /tmp/cctpIdUl.o
                0x00000000200006a4                gpio_init
 .text.gpio_write
                0x00000000200006e8       0x1e /tmp/cctpIdUl.o
                0x00000000200006e8                gpio_write
 *fill*         0x0000000020000706        0x2 
 .text.gpio_set_irq_enabled
                0x0000000020000708       0x44 /tmp/cctpIdUl.o
                0x0000000020000708                gpio_set_irq_enabled
 .text.irq_set_enabled
                0x000000002000074c       0x24 /tmp/cctpIdUl.o
                0x000000002000074c                irq_set_enabled
 .text.spi_write_bytes
                0x0000000020000770       0x40 /tmp/cctpIdUl.o
                0x0000000020000770                spi_write_bytes
 .text.spi_write_byte
                0x00000000200007b0       0x12 /tmp/cctpIdUl.o
                0x00000000200007b0                spi_write_byte
 .text.oled_reset
                0x00000000200007c2       0x22 /tmp/cc6HjdzM.o
                0x00000000200007c2                oled_reset
 .text.oled_init
                0x00000000200007e4       0xdc /tmp/cc6HjdzM.o
                0x00000000200007e4                oled_init
 .text.oled_refresh
                0x00000000200008c0       0x30 /tmp/cc6HjdzM.o
                0x00000000200008c0                oled_refresh
 .text.oled_fill
                0x00000000200008f0       0x1c /tmp/cc6HjdzM.o
                0x00000000200008f0                oled_fill
 .text.oled_draw_point
                0x000000002000090c       0x34 /tmp/cc6HjdzM.o
                0x000000002000090c                oled_draw_point
 .text.oled_fill_rect
                0x0000000020000940       0x3c /tmp/cc6HjdzM.o
                0x0000000020000940                oled_fill_rect
 .text.oled_draw_line.part.0
                0x000000002000097c       0x84 /tmp/cc6HjdzM.o
 .text.oled_draw_rect_point
                0x0000000020000a00       0x40 /tmp/cc6HjdzM.o
                0x0000000020000a00                oled_draw_rect_point
 .text.oled_draw_char.part.0
                0x0000000020000a40       0x74 /tmp/cc6HjdzM.o
 .text.oled_draw_char
                0x0000000020000ab4       0x1c /tmp/cc6HjdzM.o
                0x0000000020000ab4                oled_draw_char
 .text.oled_draw_spacing_fix_text
                0x0000000020000ad0       0x3c /tmp/cc6HjdzM.o
                0x0000000020000ad0                oled_draw_spacing_fix_text
 .text.ui_draw_list
                0x0000000020000b0c       0x38 /tmp/cc6HjdzM.o
                0x0000000020000b0c                ui_draw_list
 .text.ui_draw_cursor
                0x0000000020000b44       0x14 /tmp/cc6HjdzM.o
                0x0000000020000b44                ui_draw_cursor
 .text.ui_draw_icon
                0x0000000020000b58       0x60 /tmp/cc6HjdzM.o
                0x0000000020000b58                ui_draw_icon
 .text.wait_ms  0x0000000020000bb8       0x50 /tmp/ccVQlvMw.o
                0x0000000020000bb8                wait_ms
 .text.IO_BANK0_IRQHandler
                0x0000000020000c08       0x6c /tmp/ccjQeSma.o
                0x0000000020000c08                IO_BANK0_IRQHandler
 .text.key_reset
                0x0000000020000c74       0x14 /tmp/ccjQeSma.o
                0x0000000020000c74                key_reset
 .text.key_process
                0x0000000020000c88       0x5c /tmp/ccjQeSma.o
                0x0000000020000c88                key_process
 .text.init_audio
                0x0000000020000ce4       0x40 /tmp/ccmQ5D4e.o
                0x0000000020000ce4                init_audio
 .text.play_note
                0x0000000020000d24       0xa0 /tmp/ccmQ5D4e.o
                0x0000000020000d24                play_note
 .text.memcpy   0x0000000020000dc4       0x12 /home/zera/embedded/devtools/gcc-arm-none-eabi-10.3-2021.10/bin/../lib/gcc/arm-none-eabi/10.3.1/../../../../arm-none-eabi/lib/thumb/v6-m/nofp/libc_nano.a(lib_a-memcpy-stub.o)
                0x0000000020000dc4                memcpy
 *fill*         0x0000000020000dd6        0x2 
 .text.printf   0x0000000020000dd8       0x34 /home/zera/embedded/devtools/gcc-arm-none-eabi-10.3-2021.10/bin/../lib/gcc/arm-none-eabi/10.3.1/../../../../arm-none-eabi/lib/thumb/v6-m/nofp/libc_nano.a(lib_a-printf.o)
                0x0000000020000dd8                printf
                0x0000000020000dd8                iprintf
 .text.std      0x0000000020000e0c       0x48 /home/zera/embedded/devtools/gcc-arm-none-eabi-10.3-2021.10/bin/../lib/gcc/arm-none-eabi/10.3.1/../../../../arm-none-eabi/lib/thumb/v6-m/nofp/libc_nano.a(lib_a-findfp.o)
 .text._cleanup_r
                0x0000000020000e54       0x10 /home/zera/embedded/devtools/gcc-arm-none-eabi-10.3-2021.10/bin/../lib/gcc/arm-none-eabi/10.3.1/../../../../arm-none-eabi/lib/thumb/v6-m/nofp/libc_nano.a(lib_a-findfp.o)
                0x0000000020000e54                _cleanup_r
 .text.__sfmoreglue
                0x0000000020000e64       0x2c /home/zera/embedded/devtools/gcc-arm-none-eabi-10.3-2021.10/bin/../lib/gcc/arm-none-eabi/10.3.1/../../../../arm-none-eabi/lib/thumb/v6-m/nofp/libc_nano.a(lib_a-findfp.o)
                0x0000000020000e64                __sfmoreglue
 .text.__sfp_lock_acquire
                0x0000000020000e90       0x10 /home/zera/embedded/devtools/gcc-arm-none-eabi-10.3-2021.10/bin/../lib/gcc/arm-none-eabi/10.3.1/../../../../arm-none-eabi/lib/thumb/v6-m/nofp/libc_nano.a(lib_a-findfp.o)
                0x0000000020000e90                __sfp_lock_acquire
 .text.__sfp_lock_release
                0x0000000020000ea0       0x10 /home/zera/embedded/devtools/gcc-arm-none-eabi-10.3-2021.10/bin/../lib/gcc/arm-none-eabi/10.3.1/../../../../arm-none-eabi/lib/thumb/v6-m/nofp/libc_nano.a(lib_a-findfp.o)
                0x0000000020000ea0                __sfp_lock_release
 .text.__sinit_lock_acquire
                0x0000000020000eb0       0x10 /home/zera/embedded/devtools/gcc-arm-none-eabi-10.3-2021.10/bin/../lib/gcc/arm-none-eabi/10.3.1/../../../../arm-none-eabi/lib/thumb/v6-m/nofp/libc_nano.a(lib_a-findfp.o)
                0x0000000020000eb0                __sinit_lock_acquire
 .text.__sinit_lock_release
                0x0000000020000ec0       0x10 /home/zera/embedded/devtools/gcc-arm-none-eabi-10.3-2021.10/bin/../lib/gcc/arm-none-eabi/10.3.1/../../../../arm-none-eabi/lib/thumb/v6-m/nofp/libc_nano.a(lib_a-findfp.o)
                0x0000000020000ec0                __sinit_lock_release
 .text.__sinit  0x0000000020000ed0       0x70 /home/zera/embedded/devtools/gcc-arm-none-eabi-10.3-2021.10/bin/../lib/gcc/arm-none-eabi/10.3.1/../../../../arm-none-eabi/lib/thumb/v6-m/nofp/libc_nano.a(lib_a-findfp.o)
                0x0000000020000ed0                __sinit
 .text.__sfp    0x0000000020000f40       0x90 /home/zera/embedded/devtools/gcc-arm-none-eabi-10.3-2021.10/bin/../lib/gcc/arm-none-eabi/10.3.1/../../../../arm-none-eabi/lib/thumb/v6-m/nofp/libc_nano.a(lib_a-findfp.o)
                0x0000000020000f40                __sfp
 .text._fwalk_reent
                0x0000000020000fd0       0x40 /home/zera/embedded/devtools/gcc-arm-none-eabi-10.3-2021.10/bin/../lib/gcc/arm-none-eabi/10.3.1/../../../../arm-none-eabi/lib/thumb/v6-m/nofp/libc_nano.a(lib_a-fwalk.o)
                0x0000000020000fd0                _fwalk_reent
 .text.__retarget_lock_init_recursive
                0x0000000020001010        0x2 /home/zera/embedded/devtools/gcc-arm-none-eabi-10.3-2021.10/bin/../lib/gcc/arm-none-eabi/10.3.1/../../../../arm-none-eabi/lib/thumb/v6-m/nofp/libc_nano.a(lib_a-lock.o)
                0x0000000020001010                __retarget_lock_init_recursive
 .text.__retarget_lock_acquire_recursive
                0x0000000020001012        0x2 /home/zera/embedded/devtools/gcc-arm-none-eabi-10.3-2021.10/bin/../lib/gcc/arm-none-eabi/10.3.1/../../../../arm-none-eabi/lib/thumb/v6-m/nofp/libc_nano.a(lib_a-lock.o)
                0x0000000020001012                __retarget_lock_acquire_recursive
 .text.__retarget_lock_release_recursive
                0x0000000020001014        0x2 /home/zera/embedded/devtools/gcc-arm-none-eabi-10.3-2021.10/bin/../lib/gcc/arm-none-eabi/10.3.1/../../../../arm-none-eabi/lib/thumb/v6-m/nofp/libc_nano.a(lib_a-lock.o)
                0x0000000020001014                __retarget_lock_release_recursive
 .text.memset   0x0000000020001016       0x10 /home/zera/embedded/devtools/gcc-arm-none-eabi-10.3-2021.10/bin/../lib/gcc/arm-none-eabi/10.3.1/../../../../arm-none-eabi/lib/thumb/v6-m/nofp/libc_nano.a(lib_a-memset.o)
                0x0000000020001016                memset
 *fill*         0x0000000020001026        0x2 
 .text.sbrk_aligned
                0x0000000020001028       0x44 /home/zera/embedded/devtools/gcc-arm-none-eabi-10.3-2021.10/bin/../lib/gcc/arm-none-eabi/10.3.1/../../../../arm-none-eabi/lib/thumb/v6-m/nofp/libc_nano.a(lib_a-nano-mallocr.o)
 .text._malloc_r
                0x000000002000106c       0xec /home/zera/embedded/devtools/gcc-arm-none-eabi-10.3-2021.10/bin/../lib/gcc/arm-none-eabi/10.3.1/../../../../arm-none-eabi/lib/thumb/v6-m/nofp/libc_nano.a(lib_a-nano-mallocr.o)
                0x000000002000106c                _malloc_r
 .text.__sfputc_r
                0x0000000020001158       0x2a /home/zera/embedded/devtools/gcc-arm-none-eabi-10.3-2021.10/bin/../lib/gcc/arm-none-eabi/10.3.1/../../../../arm-none-eabi/lib/thumb/v6-m/nofp/libc_nano.a(lib_a-nano-vfprintf.o)
 .text.__sfputs_r
                0x0000000020001182       0x24 /home/zera/embedded/devtools/gcc-arm-none-eabi-10.3-2021.10/bin/../lib/gcc/arm-none-eabi/10.3.1/../../../../arm-none-eabi/lib/thumb/v6-m/nofp/libc_nano.a(lib_a-nano-vfprintf.o)
                0x0000000020001182                __sfputs_r
 *fill*         0x00000000200011a6        0x2 
 .text._vfprintf_r
                0x00000000200011a8      0x274 /home/zera/embedded/devtools/gcc-arm-none-eabi-10.3-2021.10/bin/../lib/gcc/arm-none-eabi/10.3.1/../../../../arm-none-eabi/lib/thumb/v6-m/nofp/libc_nano.a(lib_a-nano-vfprintf.o)
                0x00000000200011a8                _vfiprintf_r
                0x00000000200011a8                _vfprintf_r
 .text._printf_common
                0x000000002000141c       0xde /home/zera/embedded/devtools/gcc-arm-none-eabi-10.3-2021.10/bin/../lib/gcc/arm-none-eabi/10.3.1/../../../../arm-none-eabi/lib/thumb/v6-m/nofp/libc_nano.a(lib_a-nano-vfprintf_i.o)
                0x000000002000141c                _printf_common
 *fill*         0x00000000200014fa        0x2 
 .text._printf_i
                0x00000000200014fc      0x224 /home/zera/embedded/devtools/gcc-arm-none-eabi-10.3-2021.10/bin/../lib/gcc/arm-none-eabi/10.3.1/../../../../arm-none-eabi/lib/thumb/v6-m/nofp/libc_nano.a(lib_a-nano-vfprintf_i.o)
                0x00000000200014fc                _printf_i
 .text._sbrk_r  0x0000000020001720       0x24 /home/zera/embedded/devtools/gcc-arm-none-eabi-10.3-2021.10/bin/../lib/gcc/arm-none-eabi/10.3.1/../../../../arm-none-eabi/lib/thumb/v6-m/nofp/libc_nano.a(lib_a-sbrkr.o)
                0x0000000020001720                _sbrk_r
 .text.__sread  0x0000000020001744       0x28 /home/zera/embedded/devtools/gcc-arm-none-eabi-10.3-2021.10/bin/../lib/gcc/arm-none-eabi/10.3.1/../../../../arm-none-eabi/lib/thumb/v6-m/nofp/libc_nano.a(lib_a-stdio.o)
                0x0000000020001744                __sread
 .text.__swrite
                0x000000002000176c       0x38 /home/zera/embedded/devtools/gcc-arm-none-eabi-10.3-2021.10/bin/../lib/gcc/arm-none-eabi/10.3.1/../../../../arm-none-eabi/lib/thumb/v6-m/nofp/libc_nano.a(lib_a-stdio.o)
                0x000000002000176c                __swrite
 .text.__sseek  0x00000000200017a4       0x2c /home/zera/embedded/devtools/gcc-arm-none-eabi-10.3-2021.10/bin/../lib/gcc/arm-none-eabi/10.3.1/../../../../arm-none-eabi/lib/thumb/v6-m/nofp/libc_nano.a(lib_a-stdio.o)
                0x00000000200017a4                __sseek
 .text.__sclose
                0x00000000200017d0        0xc /home/zera/embedded/devtools/gcc-arm-none-eabi-10.3-2021.10/bin/../lib/gcc/arm-none-eabi/10.3.1/../../../../arm-none-eabi/lib/thumb/v6-m/nofp/libc_nano.a(lib_a-stdio.o)
                0x00000000200017d0                __sclose
 .text.__swbuf_r
                0x00000000200017dc       0xac /home/zera/embedded/devtools/gcc-arm-none-eabi-10.3-2021.10/bin/../lib/gcc/arm-none-eabi/10.3.1/../../../../arm-none-eabi/lib/thumb/v6-m/nofp/libc_nano.a(lib_a-wbuf.o)
                0x00000000200017dc                __swbuf_r
 .text._write_r
                0x0000000020001888       0x28 /home/zera/embedded/devtools/gcc-arm-none-eabi-10.3-2021.10/bin/../lib/gcc/arm-none-eabi/10.3.1/../../../../arm-none-eabi/lib/thumb/v6-m/nofp/libc_nano.a(lib_a-writer.o)
                0x0000000020001888                _write_r
 .text.__swsetup_r
                0x00000000200018b0       0xf0 /home/zera/embedded/devtools/gcc-arm-none-eabi-10.3-2021.10/bin/../lib/gcc/arm-none-eabi/10.3.1/../../../../arm-none-eabi/lib/thumb/v6-m/nofp/libc_nano.a(lib_a-wsetup.o)
                0x00000000200018b0                __swsetup_r
 .text._close_r
                0x00000000200019a0       0x24 /home/zera/embedded/devtools/gcc-arm-none-eabi-10.3-2021.10/bin/../lib/gcc/arm-none-eabi/10.3.1/../../../../arm-none-eabi/lib/thumb/v6-m/nofp/libc_nano.a(lib_a-closer.o)
                0x00000000200019a0                _close_r
 .text.__sflush_r
                0x00000000200019c4      0x118 /home/zera/embedded/devtools/gcc-arm-none-eabi-10.3-2021.10/bin/../lib/gcc/arm-none-eabi/10.3.1/../../../../arm-none-eabi/lib/thumb/v6-m/nofp/libc_nano.a(lib_a-fflush.o)
                0x00000000200019c4                __sflush_r
 .text._fflush_r
                0x0000000020001adc       0x80 /home/zera/embedded/devtools/gcc-arm-none-eabi-10.3-2021.10/bin/../lib/gcc/arm-none-eabi/10.3.1/../../../../arm-none-eabi/lib/thumb/v6-m/nofp/libc_nano.a(lib_a-fflush.o)
                0x0000000020001adc                _fflush_r
 .text._lseek_r
                0x0000000020001b5c       0x28 /home/zera/embedded/devtools/gcc-arm-none-eabi-10.3-2021.10/bin/../lib/gcc/arm-none-eabi/10.3.1/../../../../arm-none-eabi/lib/thumb/v6-m/nofp/libc_nano.a(lib_a-lseekr.o)
                0x0000000020001b5c                _lseek_r
 .text.__swhatbuf_r
                0x0000000020001b84       0x50 /home/zera/embedded/devtools/gcc-arm-none-eabi-10.3-2021.10/bin/../lib/gcc/arm-none-eabi/10.3.1/../../../../arm-none-eabi/lib/thumb/v6-m/nofp/libc_nano.a(lib_a-makebuf.o)
                0x0000000020001b84                __swhatbuf_r
 .text.__smakebuf_r
                0x0000000020001bd4       0x88 /home/zera/embedded/devtools/gcc-arm-none-eabi-10.3-2021.10/bin/../lib/gcc/arm-none-eabi/10.3.1/../../../../arm-none-eabi/lib/thumb/v6-m/nofp/libc_nano.a(lib_a-makebuf.o)
                0x0000000020001bd4                __smakebuf_r
 .text.memchr   0x0000000020001c5c       0x16 /home/zera/embedded/devtools/gcc-arm-none-eabi-10.3-2021.10/bin/../lib/gcc/arm-none-eabi/10.3.1/../../../../arm-none-eabi/lib/thumb/v6-m/nofp/libc_nano.a(lib_a-memchr-stub.o)
                0x0000000020001c5c                memchr
 *fill*         0x0000000020001c72        0x2 
 .text.__malloc_lock
                0x0000000020001c74       0x10 /home/zera/embedded/devtools/gcc-arm-none-eabi-10.3-2021.10/bin/../lib/gcc/arm-none-eabi/10.3.1/../../../../arm-none-eabi/lib/thumb/v6-m/nofp/libc_nano.a(lib_a-mlock.o)
                0x0000000020001c74                __malloc_lock
 .text.__malloc_unlock
                0x0000000020001c84       0x10 /home/zera/embedded/devtools/gcc-arm-none-eabi-10.3-2021.10/bin/../lib/gcc/arm-none-eabi/10.3.1/../../../../arm-none-eabi/lib/thumb/v6-m/nofp/libc_nano.a(lib_a-mlock.o)
                0x0000000020001c84                __malloc_unlock
 .text._free_r  0x0000000020001c94       0x94 /home/zera/embedded/devtools/gcc-arm-none-eabi-10.3-2021.10/bin/../lib/gcc/arm-none-eabi/10.3.1/../../../../arm-none-eabi/lib/thumb/v6-m/nofp/libc_nano.a(lib_a-nano-freer.o)
                0x0000000020001c94                _free_r
 .text._read_r  0x0000000020001d28       0x28 /home/zera/embedded/devtools/gcc-arm-none-eabi-10.3-2021.10/bin/../lib/gcc/arm-none-eabi/10.3.1/../../../../arm-none-eabi/lib/thumb/v6-m/nofp/libc_nano.a(lib_a-readr.o)
                0x0000000020001d28                _read_r
 .text._fstat_r
                0x0000000020001d50       0x24 /home/zera/embedded/devtools/gcc-arm-none-eabi-10.3-2021.10/bin/../lib/gcc/arm-none-eabi/10.3.1/../../../../arm-none-eabi/lib/thumb/v6-m/nofp/libc_nano.a(lib_a-fstatr.o)
                0x0000000020001d50                _fstat_r
 .text._isatty_r
                0x0000000020001d74       0x24 /home/zera/embedded/devtools/gcc-arm-none-eabi-10.3-2021.10/bin/../lib/gcc/arm-none-eabi/10.3.1/../../../../arm-none-eabi/lib/thumb/v6-m/nofp/libc_nano.a(lib_a-isattyr.o)
                0x0000000020001d74                _isatty_r
 .text          0x0000000020001d98       0x14 /home/zera/embedded/devtools/gcc-arm-none-eabi-10.3-2021.10/bin/../lib/gcc/arm-none-eabi/10.3.1/thumb/v6-m/nofp/libgcc.a(_thumb1_case_shi.o)
                0x0000000020001d98                __gnu_thumb1_case_shi
 .text          0x0000000020001dac      0x114 /home/zera/embedded/devtools/gcc-arm-none-eabi-10.3-2021.10/bin/../lib/gcc/arm-none-eabi/10.3.1/thumb/v6-m/nofp/libgcc.a(_udivsi3.o)
                0x0000000020001dac                __udivsi3
                0x0000000020001dac                __aeabi_uidiv
                0x0000000020001eb8                __aeabi_uidivmod
 .text          0x0000000020001ec0      0x1d4 /home/zera/embedded/devtools/gcc-arm-none-eabi-10.3-2021.10/bin/../lib/gcc/arm-none-eabi/10.3.1/thumb/v6-m/nofp/libgcc.a(_divsi3.o)
                0x0000000020001ec0                __aeabi_idiv
                0x0000000020001ec0                __divsi3
                0x000000002000208c                __aeabi_idivmod
 .text          0x0000000020002094        0x4 /home/zera/embedded/devtools/gcc-arm-none-eabi-10.3-2021.10/bin/../lib/gcc/arm-none-eabi/10.3.1/thumb/v6-m/nofp/libgcc.a(_dvmd_tls.o)
                0x0000000020002094                __aeabi_ldiv0
                0x0000000020002094                __aeabi_idiv0
 *(.rodata)
 .rodata        0x0000000020002098       0x80 /tmp/ccwnN2VJ.o
 *(.rodata.*)
 .rodata.choice_update.str1.1
                0x0000000020002118        0x2 /tmp/ccwnN2VJ.o
                                          0x4 (size before relaxing)
 .rodata.menu.str1.1
                0x000000002000211a       0x33 /tmp/ccwnN2VJ.o
                                         0x35 (size before relaxing)
 .rodata.playing.str1.1
                0x000000002000214d        0xe /tmp/ccwnN2VJ.o
 .rodata.main.str1.1
                0x000000002000215b        0xa /tmp/ccwnN2VJ.o
 .rodata.ui_draw_cursor.str1.1
                0x0000000020002165        0x2 /tmp/cc6HjdzM.o
 .rodata.IO_BANK0_IRQHandler.str1.1
                0x0000000020002167       0x11 /tmp/ccjQeSma.o
 .rodata.__sf_fake_stderr
                0x0000000020002178       0x20 /home/zera/embedded/devtools/gcc-arm-none-eabi-10.3-2021.10/bin/../lib/gcc/arm-none-eabi/10.3.1/../../../../arm-none-eabi/lib/thumb/v6-m/nofp/libc_nano.a(lib_a-findfp.o)
                0x0000000020002178                __sf_fake_stderr
 .rodata.__sf_fake_stdin
                0x0000000020002198       0x20 /home/zera/embedded/devtools/gcc-arm-none-eabi-10.3-2021.10/bin/../lib/gcc/arm-none-eabi/10.3.1/../../../../arm-none-eabi/lib/thumb/v6-m/nofp/libc_nano.a(lib_a-findfp.o)
                0x0000000020002198                __sf_fake_stdin
 .rodata.__sf_fake_stdout
                0x00000000200021b8       0x20 /home/zera/embedded/devtools/gcc-arm-none-eabi-10.3-2021.10/bin/../lib/gcc/arm-none-eabi/10.3.1/../../../../arm-none-eabi/lib/thumb/v6-m/nofp/libc_nano.a(lib_a-findfp.o)
                0x00000000200021b8                __sf_fake_stdout
 .rodata._global_impure_ptr
                0x00000000200021d8        0x4 /home/zera/embedded/devtools/gcc-arm-none-eabi-10.3-2021.10/bin/../lib/gcc/arm-none-eabi/10.3.1/../../../../arm-none-eabi/lib/thumb/v6-m/nofp/libc_nano.a(lib_a-impure.o)
                0x00000000200021d8                _global_impure_ptr
 .rodata._vfprintf_r.str1.1
                0x00000000200021dc       0x11 /home/zera/embedded/devtools/gcc-arm-none-eabi-10.3-2021.10/bin/../lib/gcc/arm-none-eabi/10.3.1/../../../../arm-none-eabi/lib/thumb/v6-m/nofp/libc_nano.a(lib_a-nano-vfprintf.o)
 .rodata._printf_i.str1.1
                0x00000000200021ed       0x22 /home/zera/embedded/devtools/gcc-arm-none-eabi-10.3-2021.10/bin/../lib/gcc/arm-none-eabi/10.3.1/../../../../arm-none-eabi/lib/thumb/v6-m/nofp/libc_nano.a(lib_a-nano-vfprintf_i.o)
                0x0000000020002210                . = ALIGN (0x4)
 *fill*         0x000000002000220f        0x1 
                0x0000000020002210                _etext = .

.glue_7         0x0000000020002210        0x0 load address 0x0000000010002310
 .glue_7        0x0000000020002210        0x0 linker stubs

.glue_7t        0x0000000020002210        0x0 load address 0x0000000010002310
 .glue_7t       0x0000000020002210        0x0 linker stubs

.vfp11_veneer   0x0000000020002210        0x0 load address 0x0000000010002310
 .vfp11_veneer  0x0000000020002210        0x0 linker stubs

.v4_bx          0x0000000020002210        0x0 load address 0x0000000010002310
 .v4_bx         0x0000000020002210        0x0 linker stubs

.iplt           0x0000000020002210        0x0 load address 0x0000000010002310
 .iplt          0x0000000020002210        0x0 /tmp/ccwnN2VJ.o

.rel.dyn        0x0000000020002210        0x0 load address 0x0000000010002310
 .rel.iplt      0x0000000020002210        0x0 /tmp/ccwnN2VJ.o

.data           0x0000000020002210     0x1cb8 load address 0x0000000010002310
                0x0000000020002210                _sdata = .
 *(.data SORT_BY_NAME(.data.*))
 .data.FONT_MILD_WEST
                0x0000000020002210      0x300 /tmp/cc6HjdzM.o
                0x0000000020002210                FONT_MILD_WEST
 .data._impure_ptr
                0x0000000020002510        0x4 /home/zera/embedded/devtools/gcc-arm-none-eabi-10.3-2021.10/bin/../lib/gcc/arm-none-eabi/10.3.1/../../../../arm-none-eabi/lib/thumb/v6-m/nofp/libc_nano.a(lib_a-impure.o)
                0x0000000020002510                _impure_ptr
 .data.all_notes
                0x0000000020002514       0xa8 /tmp/ccmQ5D4e.o
                0x0000000020002514                all_notes
 .data.font     0x00000000200025bc        0x4 /tmp/cc6HjdzM.o
                0x00000000200025bc                font
 .data.impure_data
                0x00000000200025c0       0x60 /home/zera/embedded/devtools/gcc-arm-none-eabi-10.3-2021.10/bin/../lib/gcc/arm-none-eabi/10.3.1/../../../../arm-none-eabi/lib/thumb/v6-m/nofp/libc_nano.a(lib_a-impure.o)
 .data.key      0x0000000020002620        0x6 /tmp/ccjQeSma.o
                0x0000000020002620                key
 *fill*         0x0000000020002626        0x2 
 .data.modus    0x0000000020002628       0x70 /tmp/ccmQ5D4e.o
                0x0000000020002628                modus
 .data.music_script_a_th_year
                0x0000000020002698      0x96c /tmp/ccwnN2VJ.o
                0x0000000020002698                music_script_a_th_year
 .data.music_script_faded
                0x0000000020003004      0x7cb /tmp/ccwnN2VJ.o
                0x0000000020003004                music_script_faded
 .data.music_script_wish_fill
                0x00000000200037cf      0x696 /tmp/ccwnN2VJ.o
                0x00000000200037cf                music_script_wish_fill
 .data.music_test
                0x0000000020003e65       0x63 /tmp/ccwnN2VJ.o
                0x0000000020003e65                music_test
                0x0000000020003ec8                . = ALIGN (0x4)
                0x0000000020003ec8                _edata = .

.igot.plt       0x0000000020003ec8        0x0 load address 0x0000000010003fc8
 .igot.plt      0x0000000020003ec8        0x0 /tmp/ccwnN2VJ.o

.bss            0x0000000020003ec8      0x430 load address 0x0000000010003fc8
                0x0000000020003ec8                _sbss = .
 *(.bss SORT_BY_NAME(.bss.*) COMMON)
 .bss.__lock___malloc_recursive_mutex
                0x0000000020003ec8        0x1 /home/zera/embedded/devtools/gcc-arm-none-eabi-10.3-2021.10/bin/../lib/gcc/arm-none-eabi/10.3.1/../../../../arm-none-eabi/lib/thumb/v6-m/nofp/libc_nano.a(lib_a-lock.o)
                0x0000000020003ec8                __lock___malloc_recursive_mutex
 .bss.__lock___sfp_recursive_mutex
                0x0000000020003ec9        0x1 /home/zera/embedded/devtools/gcc-arm-none-eabi-10.3-2021.10/bin/../lib/gcc/arm-none-eabi/10.3.1/../../../../arm-none-eabi/lib/thumb/v6-m/nofp/libc_nano.a(lib_a-lock.o)
                0x0000000020003ec9                __lock___sfp_recursive_mutex
 .bss.__lock___sinit_recursive_mutex
                0x0000000020003eca        0x1 /home/zera/embedded/devtools/gcc-arm-none-eabi-10.3-2021.10/bin/../lib/gcc/arm-none-eabi/10.3.1/../../../../arm-none-eabi/lib/thumb/v6-m/nofp/libc_nano.a(lib_a-lock.o)
                0x0000000020003eca                __lock___sinit_recursive_mutex
 *fill*         0x0000000020003ecb        0x1 
 .bss.__malloc_free_list
                0x0000000020003ecc        0x4 /home/zera/embedded/devtools/gcc-arm-none-eabi-10.3-2021.10/bin/../lib/gcc/arm-none-eabi/10.3.1/../../../../arm-none-eabi/lib/thumb/v6-m/nofp/libc_nano.a(lib_a-nano-mallocr.o)
                0x0000000020003ecc                __malloc_free_list
 .bss.__malloc_sbrk_start
                0x0000000020003ed0        0x4 /home/zera/embedded/devtools/gcc-arm-none-eabi-10.3-2021.10/bin/../lib/gcc/arm-none-eabi/10.3.1/../../../../arm-none-eabi/lib/thumb/v6-m/nofp/libc_nano.a(lib_a-nano-mallocr.o)
                0x0000000020003ed0                __malloc_sbrk_start
 .bss.buf       0x0000000020003ed4      0x400 /tmp/cc6HjdzM.o
                0x0000000020003ed4                buf
 .bss.errno     0x00000000200042d4        0x4 /home/zera/embedded/devtools/gcc-arm-none-eabi-10.3-2021.10/bin/../lib/gcc/arm-none-eabi/10.3.1/../../../../arm-none-eabi/lib/thumb/v6-m/nofp/libc_nano.a(lib_a-reent.o)
                0x00000000200042d4                errno
 .bss.heap.0    0x00000000200042d8        0x4 /tmp/ccwnN2VJ.o
 .bss.led_switch
                0x00000000200042dc        0x1 /tmp/ccwnN2VJ.o
 *fill*         0x00000000200042dd        0x3 
 .bss.s_ticks   0x00000000200042e0        0x8 /tmp/ccwnN2VJ.o
 .bss.state     0x00000000200042e8        0x1 /tmp/ccwnN2VJ.o
 *fill*         0x00000000200042e9        0x7 
 .bss.timer     0x00000000200042f0        0x8 /tmp/ccVQlvMw.o
                0x00000000200042f0                timer
                0x00000000200042f8                . = ALIGN (0x4)
                0x00000000200042f8                _ebss = .
                0x00000000200042f8                _end = .
OUTPUT(build/firmware.elf elf32-littlearm)
LOAD linker stubs

.debug_info     0x0000000000000000     0x5070
 .debug_info    0x0000000000000000     0x1fc3 /tmp/ccwnN2VJ.o
 .debug_info    0x0000000000001fc3      0x396 /tmp/ccUwhMnE.o
 .debug_info    0x0000000000002359      0x817 /tmp/cctpIdUl.o
 .debug_info    0x0000000000002b70     0x1580 /tmp/cc6HjdzM.o
 .debug_info    0x00000000000040f0      0x165 /tmp/ccVQlvMw.o
 .debug_info    0x0000000000004255      0x59c /tmp/ccjQeSma.o
 .debug_info    0x00000000000047f1      0x87f /tmp/ccmQ5D4e.o

.debug_abbrev   0x0000000000000000     0x11b4
 .debug_abbrev  0x0000000000000000      0x4d8 /tmp/ccwnN2VJ.o
 .debug_abbrev  0x00000000000004d8      0x167 /tmp/ccUwhMnE.o
 .debug_abbrev  0x000000000000063f      0x273 /tmp/cctpIdUl.o
 .debug_abbrev  0x00000000000008b2      0x360 /tmp/cc6HjdzM.o
 .debug_abbrev  0x0000000000000c12       0xec /tmp/ccVQlvMw.o
 .debug_abbrev  0x0000000000000cfe      0x232 /tmp/ccjQeSma.o
 .debug_abbrev  0x0000000000000f30      0x284 /tmp/ccmQ5D4e.o

.debug_loc      0x0000000000000000     0x2616
 .debug_loc     0x0000000000000000      0x8b5 /tmp/ccwnN2VJ.o
 .debug_loc     0x00000000000008b5       0x7c /tmp/ccUwhMnE.o
 .debug_loc     0x0000000000000931      0x3af /tmp/cctpIdUl.o
 .debug_loc     0x0000000000000ce0     0x116c /tmp/cc6HjdzM.o
 .debug_loc     0x0000000000001e4c       0x79 /tmp/ccVQlvMw.o
 .debug_loc     0x0000000000001ec5      0x134 /tmp/ccjQeSma.o
 .debug_loc     0x0000000000001ff9      0x61d /tmp/ccmQ5D4e.o

.debug_aranges  0x0000000000000000      0x268
 .debug_aranges
                0x0000000000000000       0xb8 /tmp/ccwnN2VJ.o
 .debug_aranges
                0x00000000000000b8       0x28 /tmp/ccUwhMnE.o
 .debug_aranges
                0x00000000000000e0       0x48 /tmp/cctpIdUl.o
 .debug_aranges
                0x0000000000000128       0xb8 /tmp/cc6HjdzM.o
 .debug_aranges
                0x00000000000001e0       0x20 /tmp/ccVQlvMw.o
 .debug_aranges
                0x0000000000000200       0x30 /tmp/ccjQeSma.o
 .debug_aranges
                0x0000000000000230       0x38 /tmp/ccmQ5D4e.o

.debug_ranges   0x0000000000000000      0x8e8
 .debug_ranges  0x0000000000000000      0x230 /tmp/ccwnN2VJ.o
 .debug_ranges  0x0000000000000230       0x50 /tmp/ccUwhMnE.o
 .debug_ranges  0x0000000000000280       0xb8 /tmp/cctpIdUl.o
 .debug_ranges  0x0000000000000338      0x318 /tmp/cc6HjdzM.o
 .debug_ranges  0x0000000000000650       0x28 /tmp/ccVQlvMw.o
 .debug_ranges  0x0000000000000678       0xd8 /tmp/ccjQeSma.o
 .debug_ranges  0x0000000000000750      0x198 /tmp/ccmQ5D4e.o

.debug_macro    0x0000000000000000     0x32b4
 .debug_macro   0x0000000000000000      0x27f /tmp/ccwnN2VJ.o
 .debug_macro   0x000000000000027f      0xa54 /tmp/ccwnN2VJ.o
 .debug_macro   0x0000000000000cd3       0x22 /tmp/ccwnN2VJ.o
 .debug_macro   0x0000000000000cf5       0x4c /tmp/ccwnN2VJ.o
 .debug_macro   0x0000000000000d41       0x18 /tmp/ccwnN2VJ.o
 .debug_macro   0x0000000000000d59       0x94 /tmp/ccwnN2VJ.o
 .debug_macro   0x0000000000000ded       0x3c /tmp/ccwnN2VJ.o
 .debug_macro   0x0000000000000e29      0x103 /tmp/ccwnN2VJ.o
 .debug_macro   0x0000000000000f2c       0x3a /tmp/ccwnN2VJ.o
 .debug_macro   0x0000000000000f66      0x34e /tmp/ccwnN2VJ.o
 .debug_macro   0x00000000000012b4       0x82 /tmp/ccwnN2VJ.o
 .debug_macro   0x0000000000001336      0x379 /tmp/ccwnN2VJ.o
 .debug_macro   0x00000000000016af       0x22 /tmp/ccwnN2VJ.o
 .debug_macro   0x00000000000016d1       0x1c /tmp/ccwnN2VJ.o
 .debug_macro   0x00000000000016ed       0x57 /tmp/ccwnN2VJ.o
 .debug_macro   0x0000000000001744       0x97 /tmp/ccwnN2VJ.o
 .debug_macro   0x00000000000017db      0x341 /tmp/ccwnN2VJ.o
 .debug_macro   0x0000000000001b1c       0x8d /tmp/ccwnN2VJ.o
 .debug_macro   0x0000000000001ba9       0x10 /tmp/ccwnN2VJ.o
 .debug_macro   0x0000000000001bb9       0x16 /tmp/ccwnN2VJ.o
 .debug_macro   0x0000000000001bcf       0x43 /tmp/ccwnN2VJ.o
 .debug_macro   0x0000000000001c12       0x34 /tmp/ccwnN2VJ.o
 .debug_macro   0x0000000000001c46       0x10 /tmp/ccwnN2VJ.o
 .debug_macro   0x0000000000001c56       0x58 /tmp/ccwnN2VJ.o
 .debug_macro   0x0000000000001cae       0x71 /tmp/ccwnN2VJ.o
 .debug_macro   0x0000000000001d1f       0x1c /tmp/ccwnN2VJ.o
 .debug_macro   0x0000000000001d3b      0x12a /tmp/ccwnN2VJ.o
 .debug_macro   0x0000000000001e65       0x10 /tmp/ccwnN2VJ.o
 .debug_macro   0x0000000000001e75       0x6a /tmp/ccwnN2VJ.o
 .debug_macro   0x0000000000001edf       0x1c /tmp/ccwnN2VJ.o
 .debug_macro   0x0000000000001efb       0x52 /tmp/ccwnN2VJ.o
 .debug_macro   0x0000000000001f4d       0x22 /tmp/ccwnN2VJ.o
 .debug_macro   0x0000000000001f6f       0x10 /tmp/ccwnN2VJ.o
 .debug_macro   0x0000000000001f7f       0x52 /tmp/ccwnN2VJ.o
 .debug_macro   0x0000000000001fd1       0xd5 /tmp/ccwnN2VJ.o
 .debug_macro   0x00000000000020a6       0x1c /tmp/ccwnN2VJ.o
 .debug_macro   0x00000000000020c2       0x3d /tmp/ccwnN2VJ.o
 .debug_macro   0x00000000000020ff       0x16 /tmp/ccwnN2VJ.o
 .debug_macro   0x0000000000002115      0x145 /tmp/ccwnN2VJ.o
 .debug_macro   0x000000000000225a       0x16 /tmp/ccwnN2VJ.o
 .debug_macro   0x0000000000002270       0x35 /tmp/ccwnN2VJ.o
 .debug_macro   0x00000000000022a5       0x16 /tmp/ccwnN2VJ.o
 .debug_macro   0x00000000000022bb       0x10 /tmp/ccwnN2VJ.o
 .debug_macro   0x00000000000022cb       0x41 /tmp/ccwnN2VJ.o
 .debug_macro   0x000000000000230c      0x12c /tmp/ccwnN2VJ.o
 .debug_macro   0x0000000000002438       0x8c /tmp/ccwnN2VJ.o
 .debug_macro   0x00000000000024c4      0x245 /tmp/ccUwhMnE.o
 .debug_macro   0x0000000000002709      0x23f /tmp/cctpIdUl.o
 .debug_macro   0x0000000000002948      0x26d /tmp/cc6HjdzM.o
 .debug_macro   0x0000000000002bb5      0x249 /tmp/ccVQlvMw.o
 .debug_macro   0x0000000000002dfe      0x25d /tmp/ccjQeSma.o
 .debug_macro   0x000000000000305b      0x259 /tmp/ccmQ5D4e.o

.debug_line     0x0000000000000000     0x3788
 .debug_line    0x0000000000000000      0xc98 /tmp/ccwnN2VJ.o
 .debug_line    0x0000000000000c98      0x4d8 /tmp/ccUwhMnE.o
 .debug_line    0x0000000000001170      0x6bf /tmp/cctpIdUl.o
 .debug_line    0x000000000000182f      0xbe5 /tmp/cc6HjdzM.o
 .debug_line    0x0000000000002414      0x4af /tmp/ccVQlvMw.o
 .debug_line    0x00000000000028c3      0x620 /tmp/ccjQeSma.o
 .debug_line    0x0000000000002ee3      0x8a5 /tmp/ccmQ5D4e.o

.debug_str      0x0000000000000000     0x9e17
 .debug_str     0x0000000000000000     0x9a2b /tmp/ccwnN2VJ.o
                                       0x9d7a (size before relaxing)
 .debug_str     0x0000000000009a2b      0x13c /tmp/ccUwhMnE.o
                                       0x94df (size before relaxing)
 .debug_str     0x0000000000009b67       0xd0 /tmp/cctpIdUl.o
                                       0x96a4 (size before relaxing)
 .debug_str     0x0000000000009c37      0x112 /tmp/cc6HjdzM.o
                                       0x9672 (size before relaxing)
 .debug_str     0x0000000000009d49       0x25 /tmp/ccVQlvMw.o
                                       0x93cb (size before relaxing)
 .debug_str     0x0000000000009d6e       0x37 /tmp/ccjQeSma.o
                                       0x963e (size before relaxing)
 .debug_str     0x0000000000009da5       0x72 /tmp/ccmQ5D4e.o
                                       0x954a (size before relaxing)

.comment        0x0000000000000000       0x49
 .comment       0x0000000000000000       0x49 /tmp/ccwnN2VJ.o
                                         0x4a (size before relaxing)
 .comment       0x0000000000000049       0x4a /tmp/ccUwhMnE.o
 .comment       0x0000000000000049       0x4a /tmp/cctpIdUl.o
 .comment       0x0000000000000049       0x4a /tmp/cc6HjdzM.o
 .comment       0x0000000000000049       0x4a /tmp/ccVQlvMw.o
 .comment       0x0000000000000049       0x4a /tmp/ccjQeSma.o
 .comment       0x0000000000000049       0x4a /tmp/ccmQ5D4e.o

.ARM.attributes
                0x0000000000000000       0x2c
 .ARM.attributes
                0x0000000000000000       0x2c /tmp/ccwnN2VJ.o
 .ARM.attributes
                0x000000000000002c       0x2c /tmp/ccUwhMnE.o
 .ARM.attributes
                0x0000000000000058       0x2c /tmp/cctpIdUl.o
 .ARM.attributes
                0x0000000000000084       0x2c /tmp/cc6HjdzM.o
 .ARM.attributes
                0x00000000000000b0       0x2c /tmp/ccVQlvMw.o
 .ARM.attributes
                0x00000000000000dc       0x2c /tmp/ccjQeSma.o
 .ARM.attributes
                0x0000000000000108       0x2c /tmp/ccmQ5D4e.o
 .ARM.attributes
                0x0000000000000134       0x2c /home/zera/embedded/devtools/gcc-arm-none-eabi-10.3-2021.10/bin/../lib/gcc/arm-none-eabi/10.3.1/../../../../arm-none-eabi/lib/thumb/v6-m/nofp/libc_nano.a(lib_a-memcpy-stub.o)
 .ARM.attributes
                0x0000000000000160       0x2c /home/zera/embedded/devtools/gcc-arm-none-eabi-10.3-2021.10/bin/../lib/gcc/arm-none-eabi/10.3.1/../../../../arm-none-eabi/lib/thumb/v6-m/nofp/libc_nano.a(lib_a-printf.o)
 .ARM.attributes
                0x000000000000018c       0x2c /home/zera/embedded/devtools/gcc-arm-none-eabi-10.3-2021.10/bin/../lib/gcc/arm-none-eabi/10.3.1/../../../../arm-none-eabi/lib/thumb/v6-m/nofp/libc_nano.a(lib_a-findfp.o)
 .ARM.attributes
                0x00000000000001b8       0x2c /home/zera/embedded/devtools/gcc-arm-none-eabi-10.3-2021.10/bin/../lib/gcc/arm-none-eabi/10.3.1/../../../../arm-none-eabi/lib/thumb/v6-m/nofp/libc_nano.a(lib_a-fwalk.o)
 .ARM.attributes
                0x00000000000001e4       0x2c /home/zera/embedded/devtools/gcc-arm-none-eabi-10.3-2021.10/bin/../lib/gcc/arm-none-eabi/10.3.1/../../../../arm-none-eabi/lib/thumb/v6-m/nofp/libc_nano.a(lib_a-impure.o)
 .ARM.attributes
                0x0000000000000210       0x2c /home/zera/embedded/devtools/gcc-arm-none-eabi-10.3-2021.10/bin/../lib/gcc/arm-none-eabi/10.3.1/../../../../arm-none-eabi/lib/thumb/v6-m/nofp/libc_nano.a(lib_a-lock.o)
 .ARM.attributes
                0x000000000000023c       0x2c /home/zera/embedded/devtools/gcc-arm-none-eabi-10.3-2021.10/bin/../lib/gcc/arm-none-eabi/10.3.1/../../../../arm-none-eabi/lib/thumb/v6-m/nofp/libc_nano.a(lib_a-memset.o)
 .ARM.attributes
                0x0000000000000268       0x2c /home/zera/embedded/devtools/gcc-arm-none-eabi-10.3-2021.10/bin/../lib/gcc/arm-none-eabi/10.3.1/../../../../arm-none-eabi/lib/thumb/v6-m/nofp/libc_nano.a(lib_a-nano-mallocr.o)
 .ARM.attributes
                0x0000000000000294       0x2c /home/zera/embedded/devtools/gcc-arm-none-eabi-10.3-2021.10/bin/../lib/gcc/arm-none-eabi/10.3.1/../../../../arm-none-eabi/lib/thumb/v6-m/nofp/libc_nano.a(lib_a-nano-vfprintf.o)
 .ARM.attributes
                0x00000000000002c0       0x2c /home/zera/embedded/devtools/gcc-arm-none-eabi-10.3-2021.10/bin/../lib/gcc/arm-none-eabi/10.3.1/../../../../arm-none-eabi/lib/thumb/v6-m/nofp/libc_nano.a(lib_a-nano-vfprintf_i.o)
 .ARM.attributes
                0x00000000000002ec       0x2c /home/zera/embedded/devtools/gcc-arm-none-eabi-10.3-2021.10/bin/../lib/gcc/arm-none-eabi/10.3.1/../../../../arm-none-eabi/lib/thumb/v6-m/nofp/libc_nano.a(lib_a-sbrkr.o)
 .ARM.attributes
                0x0000000000000318       0x2c /home/zera/embedded/devtools/gcc-arm-none-eabi-10.3-2021.10/bin/../lib/gcc/arm-none-eabi/10.3.1/../../../../arm-none-eabi/lib/thumb/v6-m/nofp/libc_nano.a(lib_a-stdio.o)
 .ARM.attributes
                0x0000000000000344       0x2c /home/zera/embedded/devtools/gcc-arm-none-eabi-10.3-2021.10/bin/../lib/gcc/arm-none-eabi/10.3.1/../../../../arm-none-eabi/lib/thumb/v6-m/nofp/libc_nano.a(lib_a-wbuf.o)
 .ARM.attributes
                0x0000000000000370       0x2c /home/zera/embedded/devtools/gcc-arm-none-eabi-10.3-2021.10/bin/../lib/gcc/arm-none-eabi/10.3.1/../../../../arm-none-eabi/lib/thumb/v6-m/nofp/libc_nano.a(lib_a-writer.o)
 .ARM.attributes
                0x000000000000039c       0x2c /home/zera/embedded/devtools/gcc-arm-none-eabi-10.3-2021.10/bin/../lib/gcc/arm-none-eabi/10.3.1/../../../../arm-none-eabi/lib/thumb/v6-m/nofp/libc_nano.a(lib_a-wsetup.o)
 .ARM.attributes
                0x00000000000003c8       0x2c /home/zera/embedded/devtools/gcc-arm-none-eabi-10.3-2021.10/bin/../lib/gcc/arm-none-eabi/10.3.1/../../../../arm-none-eabi/lib/thumb/v6-m/nofp/libc_nano.a(lib_a-closer.o)
 .ARM.attributes
                0x00000000000003f4       0x2c /home/zera/embedded/devtools/gcc-arm-none-eabi-10.3-2021.10/bin/../lib/gcc/arm-none-eabi/10.3.1/../../../../arm-none-eabi/lib/thumb/v6-m/nofp/libc_nano.a(lib_a-fflush.o)
 .ARM.attributes
                0x0000000000000420       0x2c /home/zera/embedded/devtools/gcc-arm-none-eabi-10.3-2021.10/bin/../lib/gcc/arm-none-eabi/10.3.1/../../../../arm-none-eabi/lib/thumb/v6-m/nofp/libc_nano.a(lib_a-lseekr.o)
 .ARM.attributes
                0x000000000000044c       0x2c /home/zera/embedded/devtools/gcc-arm-none-eabi-10.3-2021.10/bin/../lib/gcc/arm-none-eabi/10.3.1/../../../../arm-none-eabi/lib/thumb/v6-m/nofp/libc_nano.a(lib_a-makebuf.o)
 .ARM.attributes
                0x0000000000000478       0x2c /home/zera/embedded/devtools/gcc-arm-none-eabi-10.3-2021.10/bin/../lib/gcc/arm-none-eabi/10.3.1/../../../../arm-none-eabi/lib/thumb/v6-m/nofp/libc_nano.a(lib_a-memchr-stub.o)
 .ARM.attributes
                0x00000000000004a4       0x2c /home/zera/embedded/devtools/gcc-arm-none-eabi-10.3-2021.10/bin/../lib/gcc/arm-none-eabi/10.3.1/../../../../arm-none-eabi/lib/thumb/v6-m/nofp/libc_nano.a(lib_a-mlock.o)
 .ARM.attributes
                0x00000000000004d0       0x2c /home/zera/embedded/devtools/gcc-arm-none-eabi-10.3-2021.10/bin/../lib/gcc/arm-none-eabi/10.3.1/../../../../arm-none-eabi/lib/thumb/v6-m/nofp/libc_nano.a(lib_a-nano-freer.o)
 .ARM.attributes
                0x00000000000004fc       0x2c /home/zera/embedded/devtools/gcc-arm-none-eabi-10.3-2021.10/bin/../lib/gcc/arm-none-eabi/10.3.1/../../../../arm-none-eabi/lib/thumb/v6-m/nofp/libc_nano.a(lib_a-readr.o)
 .ARM.attributes
                0x0000000000000528       0x2c /home/zera/embedded/devtools/gcc-arm-none-eabi-10.3-2021.10/bin/../lib/gcc/arm-none-eabi/10.3.1/../../../../arm-none-eabi/lib/thumb/v6-m/nofp/libc_nano.a(lib_a-reent.o)
 .ARM.attributes
                0x0000000000000554       0x2c /home/zera/embedded/devtools/gcc-arm-none-eabi-10.3-2021.10/bin/../lib/gcc/arm-none-eabi/10.3.1/../../../../arm-none-eabi/lib/thumb/v6-m/nofp/libc_nano.a(lib_a-fstatr.o)
 .ARM.attributes
                0x0000000000000580       0x2c /home/zera/embedded/devtools/gcc-arm-none-eabi-10.3-2021.10/bin/../lib/gcc/arm-none-eabi/10.3.1/../../../../arm-none-eabi/lib/thumb/v6-m/nofp/libc_nano.a(lib_a-isattyr.o)
 .ARM.attributes
                0x00000000000005ac       0x1e /home/zera/embedded/devtools/gcc-arm-none-eabi-10.3-2021.10/bin/../lib/gcc/arm-none-eabi/10.3.1/thumb/v6-m/nofp/libgcc.a(_thumb1_case_shi.o)
 .ARM.attributes
                0x00000000000005ca       0x1e /home/zera/embedded/devtools/gcc-arm-none-eabi-10.3-2021.10/bin/../lib/gcc/arm-none-eabi/10.3.1/thumb/v6-m/nofp/libgcc.a(_udivsi3.o)
 .ARM.attributes
                0x00000000000005e8       0x1e /home/zera/embedded/devtools/gcc-arm-none-eabi-10.3-2021.10/bin/../lib/gcc/arm-none-eabi/10.3.1/thumb/v6-m/nofp/libgcc.a(_divsi3.o)
 .ARM.attributes
                0x0000000000000606       0x1e /home/zera/embedded/devtools/gcc-arm-none-eabi-10.3-2021.10/bin/../lib/gcc/arm-none-eabi/10.3.1/thumb/v6-m/nofp/libgcc.a(_dvmd_tls.o)

.debug_frame    0x0000000000000000      0xe48
 .debug_frame   0x0000000000000000      0x1cc /tmp/ccwnN2VJ.o
 .debug_frame   0x00000000000001cc       0x30 /tmp/ccUwhMnE.o
 .debug_frame   0x00000000000001fc       0x84 /tmp/cctpIdUl.o
 .debug_frame   0x0000000000000280      0x254 /tmp/cc6HjdzM.o
 .debug_frame   0x00000000000004d4       0x34 /tmp/ccVQlvMw.o
 .debug_frame   0x0000000000000508       0x64 /tmp/ccjQeSma.o
 .debug_frame   0x000000000000056c       0x84 /tmp/ccmQ5D4e.o
 .debug_frame   0x00000000000005f0       0x28 /home/zera/embedded/devtools/gcc-arm-none-eabi-10.3-2021.10/bin/../lib/gcc/arm-none-eabi/10.3.1/../../../../arm-none-eabi/lib/thumb/v6-m/nofp/libc_nano.a(lib_a-memcpy-stub.o)
 .debug_frame   0x0000000000000618       0x50 /home/zera/embedded/devtools/gcc-arm-none-eabi-10.3-2021.10/bin/../lib/gcc/arm-none-eabi/10.3.1/../../../../arm-none-eabi/lib/thumb/v6-m/nofp/libc_nano.a(lib_a-printf.o)
 .debug_frame   0x0000000000000668      0x170 /home/zera/embedded/devtools/gcc-arm-none-eabi-10.3-2021.10/bin/../lib/gcc/arm-none-eabi/10.3.1/../../../../arm-none-eabi/lib/thumb/v6-m/nofp/libc_nano.a(lib_a-findfp.o)
 .debug_frame   0x00000000000007d8       0x58 /home/zera/embedded/devtools/gcc-arm-none-eabi-10.3-2021.10/bin/../lib/gcc/arm-none-eabi/10.3.1/../../../../arm-none-eabi/lib/thumb/v6-m/nofp/libc_nano.a(lib_a-fwalk.o)
 .debug_frame   0x0000000000000830       0xb0 /home/zera/embedded/devtools/gcc-arm-none-eabi-10.3-2021.10/bin/../lib/gcc/arm-none-eabi/10.3.1/../../../../arm-none-eabi/lib/thumb/v6-m/nofp/libc_nano.a(lib_a-lock.o)
 .debug_frame   0x00000000000008e0       0x20 /home/zera/embedded/devtools/gcc-arm-none-eabi-10.3-2021.10/bin/../lib/gcc/arm-none-eabi/10.3.1/../../../../arm-none-eabi/lib/thumb/v6-m/nofp/libc_nano.a(lib_a-memset.o)
 .debug_frame   0x0000000000000900       0x50 /home/zera/embedded/devtools/gcc-arm-none-eabi-10.3-2021.10/bin/../lib/gcc/arm-none-eabi/10.3.1/../../../../arm-none-eabi/lib/thumb/v6-m/nofp/libc_nano.a(lib_a-nano-mallocr.o)
 .debug_frame   0x0000000000000950       0x9c /home/zera/embedded/devtools/gcc-arm-none-eabi-10.3-2021.10/bin/../lib/gcc/arm-none-eabi/10.3.1/../../../../arm-none-eabi/lib/thumb/v6-m/nofp/libc_nano.a(lib_a-nano-vfprintf.o)
 .debug_frame   0x00000000000009ec       0x54 /home/zera/embedded/devtools/gcc-arm-none-eabi-10.3-2021.10/bin/../lib/gcc/arm-none-eabi/10.3.1/../../../../arm-none-eabi/lib/thumb/v6-m/nofp/libc_nano.a(lib_a-nano-vfprintf_i.o)
 .debug_frame   0x0000000000000a40       0x2c /home/zera/embedded/devtools/gcc-arm-none-eabi-10.3-2021.10/bin/../lib/gcc/arm-none-eabi/10.3.1/../../../../arm-none-eabi/lib/thumb/v6-m/nofp/libc_nano.a(lib_a-sbrkr.o)
 .debug_frame   0x0000000000000a6c       0x90 /home/zera/embedded/devtools/gcc-arm-none-eabi-10.3-2021.10/bin/../lib/gcc/arm-none-eabi/10.3.1/../../../../arm-none-eabi/lib/thumb/v6-m/nofp/libc_nano.a(lib_a-stdio.o)
 .debug_frame   0x0000000000000afc       0x48 /home/zera/embedded/devtools/gcc-arm-none-eabi-10.3-2021.10/bin/../lib/gcc/arm-none-eabi/10.3.1/../../../../arm-none-eabi/lib/thumb/v6-m/nofp/libc_nano.a(lib_a-wbuf.o)
 .debug_frame   0x0000000000000b44       0x2c /home/zera/embedded/devtools/gcc-arm-none-eabi-10.3-2021.10/bin/../lib/gcc/arm-none-eabi/10.3.1/../../../../arm-none-eabi/lib/thumb/v6-m/nofp/libc_nano.a(lib_a-writer.o)
 .debug_frame   0x0000000000000b70       0x2c /home/zera/embedded/devtools/gcc-arm-none-eabi-10.3-2021.10/bin/../lib/gcc/arm-none-eabi/10.3.1/../../../../arm-none-eabi/lib/thumb/v6-m/nofp/libc_nano.a(lib_a-wsetup.o)
 .debug_frame   0x0000000000000b9c       0x2c /home/zera/embedded/devtools/gcc-arm-none-eabi-10.3-2021.10/bin/../lib/gcc/arm-none-eabi/10.3.1/../../../../arm-none-eabi/lib/thumb/v6-m/nofp/libc_nano.a(lib_a-closer.o)
 .debug_frame   0x0000000000000bc8       0x68 /home/zera/embedded/devtools/gcc-arm-none-eabi-10.3-2021.10/bin/../lib/gcc/arm-none-eabi/10.3.1/../../../../arm-none-eabi/lib/thumb/v6-m/nofp/libc_nano.a(lib_a-fflush.o)
 .debug_frame   0x0000000000000c30       0x2c /home/zera/embedded/devtools/gcc-arm-none-eabi-10.3-2021.10/bin/../lib/gcc/arm-none-eabi/10.3.1/../../../../arm-none-eabi/lib/thumb/v6-m/nofp/libc_nano.a(lib_a-lseekr.o)
 .debug_frame   0x0000000000000c5c       0x54 /home/zera/embedded/devtools/gcc-arm-none-eabi-10.3-2021.10/bin/../lib/gcc/arm-none-eabi/10.3.1/../../../../arm-none-eabi/lib/thumb/v6-m/nofp/libc_nano.a(lib_a-makebuf.o)
 .debug_frame   0x0000000000000cb0       0x20 /home/zera/embedded/devtools/gcc-arm-none-eabi-10.3-2021.10/bin/../lib/gcc/arm-none-eabi/10.3.1/../../../../arm-none-eabi/lib/thumb/v6-m/nofp/libc_nano.a(lib_a-memchr-stub.o)
 .debug_frame   0x0000000000000cd0       0x40 /home/zera/embedded/devtools/gcc-arm-none-eabi-10.3-2021.10/bin/../lib/gcc/arm-none-eabi/10.3.1/../../../../arm-none-eabi/lib/thumb/v6-m/nofp/libc_nano.a(lib_a-mlock.o)
 .debug_frame   0x0000000000000d10       0x2c /home/zera/embedded/devtools/gcc-arm-none-eabi-10.3-2021.10/bin/../lib/gcc/arm-none-eabi/10.3.1/../../../../arm-none-eabi/lib/thumb/v6-m/nofp/libc_nano.a(lib_a-nano-freer.o)
 .debug_frame   0x0000000000000d3c       0x2c /home/zera/embedded/devtools/gcc-arm-none-eabi-10.3-2021.10/bin/../lib/gcc/arm-none-eabi/10.3.1/../../../../arm-none-eabi/lib/thumb/v6-m/nofp/libc_nano.a(lib_a-readr.o)
 .debug_frame   0x0000000000000d68       0x48 /home/zera/embedded/devtools/gcc-arm-none-eabi-10.3-2021.10/bin/../lib/gcc/arm-none-eabi/10.3.1/../../../../arm-none-eabi/lib/thumb/v6-m/nofp/libc_nano.a(lib_a-reent.o)
 .debug_frame   0x0000000000000db0       0x2c /home/zera/embedded/devtools/gcc-arm-none-eabi-10.3-2021.10/bin/../lib/gcc/arm-none-eabi/10.3.1/../../../../arm-none-eabi/lib/thumb/v6-m/nofp/libc_nano.a(lib_a-fstatr.o)
 .debug_frame   0x0000000000000ddc       0x2c /home/zera/embedded/devtools/gcc-arm-none-eabi-10.3-2021.10/bin/../lib/gcc/arm-none-eabi/10.3.1/../../../../arm-none-eabi/lib/thumb/v6-m/nofp/libc_nano.a(lib_a-isattyr.o)
 .debug_frame   0x0000000000000e08       0x20 /home/zera/embedded/devtools/gcc-arm-none-eabi-10.3-2021.10/bin/../lib/gcc/arm-none-eabi/10.3.1/thumb/v6-m/nofp/libgcc.a(_udivsi3.o)
 .debug_frame   0x0000000000000e28       0x20 /home/zera/embedded/devtools/gcc-arm-none-eabi-10.3-2021.10/bin/../lib/gcc/arm-none-eabi/10.3.1/thumb/v6-m/nofp/libgcc.a(_divsi3.o)
